[    0.000000] Linux version 4.15.0-184-generic (buildd@lcy02-amd64-006) (gcc version 7.5.0 (Ubuntu 7.5.0-3ubuntu1~18.04)) #194-Ubuntu SMP Thu Jun 2 18:54:48 UTC 2022 (Ubuntu 4.15.0-184.194-generic 4.15.18)
[    0.000000] Command line: BOOT_IMAGE=/boot/vmlinuz-4.15.0-184-generic root=UUID=0494c714-de99-4517-9078-cf36d4f72f60 ro console=tty1 console=ttyS0
[    0.000000] KERNEL supported cpus:
[    0.000000]   Intel GenuineIntel
[    0.000000]   AMD AuthenticAMD
[    0.000000]   Centaur CentaurHauls
[    0.000000] x86/fpu: Supporting XSAVE feature 0x001: 'x87 floating point registers'
[    0.000000] x86/fpu: Supporting XSAVE feature 0x002: 'SSE registers'
[    0.000000] x86/fpu: Supporting XSAVE feature 0x004: 'AVX registers'
[    0.000000] x86/fpu: xstate_offset[2]:  576, xstate_sizes[2]:  256
[    0.000000] x86/fpu: Enabled xstate features 0x7, context size is 832 bytes, using 'standard' format.
[    0.000000] e820: BIOS-provided physical RAM map:
[    0.000000] BIOS-e820: [mem 0x0000000000000000-0x000000000009fbff] usable
[    0.000000] BIOS-e820: [mem 0x000000000009fc00-0x000000000009ffff] reserved
[    0.000000] BIOS-e820: [mem 0x00000000000f0000-0x00000000000fffff] reserved
[    0.000000] BIOS-e820: [mem 0x0000000000100000-0x000000007ffeffff] usable
[    0.000000] BIOS-e820: [mem 0x000000007fff0000-0x000000007fffffff] ACPI data
[    0.000000] BIOS-e820: [mem 0x00000000fec00000-0x00000000fec00fff] reserved
[    0.000000] BIOS-e820: [mem 0x00000000fee00000-0x00000000fee00fff] reserved
[    0.000000] BIOS-e820: [mem 0x00000000fffc0000-0x00000000ffffffff] reserved
[    0.000000] NX (Execute Disable) protection: active
[    0.000000] SMBIOS 2.5 present.
[    0.000000] DMI: innotek GmbH VirtualBox/VirtualBox, BIOS VirtualBox 12/01/2006
[    0.000000] Hypervisor detected: KVM
[    0.000000] e820: last_pfn = 0x7fff0 max_arch_pfn = 0x400000000
[    0.000000] MTRR: Disabled
[    0.000000] x86/PAT: MTRRs disabled, skipping PAT initialization too.
[    0.000000] CPU MTRRs all blank - virtualized system.
[    0.000000] x86/PAT: Configuration [0-7]: WB  WT  UC- UC  WB  WT  UC- UC  
[    0.000000] found SMP MP-table at [mem 0x0009fff0-0x0009ffff]
[    0.000000] Scanning 1 areas for low memory corruption
[    0.000000] RAMDISK: [mem 0x3581b000-0x36c04fff]
[    0.000000] ACPI: Early table checksum verification disabled
[    0.000000] ACPI: RSDP 0x00000000000E0000 000024 (v02 VBOX  )
[    0.000000] ACPI: XSDT 0x000000007FFF0030 00003C (v01 VBOX   VBOXXSDT 00000001 ASL  00000061)
[    0.000000] ACPI: FACP 0x000000007FFF00F0 0000F4 (v04 VBOX   VBOXFACP 00000001 ASL  00000061)
[    0.000000] ACPI: DSDT 0x000000007FFF0470 002325 (v02 VBOX   VBOXBIOS 00000002 INTL 20100528)
[    0.000000] ACPI: FACS 0x000000007FFF0200 000040
[    0.000000] ACPI: FACS 0x000000007FFF0200 000040
[    0.000000] ACPI: APIC 0x000000007FFF0240 00005C (v02 VBOX   VBOXAPIC 00000001 ASL  00000061)
[    0.000000] ACPI: SSDT 0x000000007FFF02A0 0001CC (v01 VBOX   VBOXCPUT 00000002 INTL 20100528)
[    0.000000] ACPI: Reserving FACP table memory at [mem 0x7fff00f0-0x7fff01e3]
[    0.000000] ACPI: Reserving DSDT table memory at [mem 0x7fff0470-0x7fff2794]
[    0.000000] ACPI: Reserving FACS table memory at [mem 0x7fff0200-0x7fff023f]
[    0.000000] ACPI: Reserving FACS table memory at [mem 0x7fff0200-0x7fff023f]
[    0.000000] ACPI: Reserving APIC table memory at [mem 0x7fff0240-0x7fff029b]
[    0.000000] ACPI: Reserving SSDT table memory at [mem 0x7fff02a0-0x7fff046b]
[    0.000000] No NUMA configuration found
[    0.000000] Faking a node at [mem 0x0000000000000000-0x000000007ffeffff]
[    0.000000] NODE_DATA(0) allocated [mem 0x7ffc5000-0x7ffeffff]
[    0.000000] kvm-clock: cpu 0, msr 0:7ff44001, primary cpu clock
[    0.000000] kvm-clock: Using msrs 4b564d01 and 4b564d00
[    0.000000] kvm-clock: using sched offset of 5381574507 cycles
[    0.000000] clocksource: kvm-clock: mask: 0xffffffffffffffff max_cycles: 0x1cd42e4dffb, max_idle_ns: 881590591483 ns
[    0.000000] Zone ranges:
[    0.000000]   DMA      [mem 0x0000000000001000-0x0000000000ffffff]
[    0.000000]   DMA32    [mem 0x0000000001000000-0x000000007ffeffff]
[    0.000000]   Normal   empty
[    0.000000]   Device   empty
[    0.000000] Movable zone start for each node
[    0.000000] Early memory node ranges
[    0.000000]   node   0: [mem 0x0000000000001000-0x000000000009efff]
[    0.000000]   node   0: [mem 0x0000000000100000-0x000000007ffeffff]
[    0.000000] Reserved but unavailable: 104 pages
[    0.000000] Initmem setup node 0 [mem 0x0000000000001000-0x000000007ffeffff]
[    0.000000] ACPI: PM-Timer IO Port: 0x4008
[    0.000000] IOAPIC[0]: apic_id 2, version 32, address 0xfec00000, GSI 0-23
[    0.000000] ACPI: INT_SRC_OVR (bus 0 bus_irq 0 global_irq 2 dfl dfl)
[    0.000000] ACPI: INT_SRC_OVR (bus 0 bus_irq 9 global_irq 9 low level)
[    0.000000] Using ACPI (MADT) for SMP configuration information
[    0.000000] smpboot: Allowing 2 CPUs, 0 hotplug CPUs
[    0.000000] PM: Registered nosave memory: [mem 0x00000000-0x00000fff]
[    0.000000] PM: Registered nosave memory: [mem 0x0009f000-0x0009ffff]
[    0.000000] PM: Registered nosave memory: [mem 0x000a0000-0x000effff]
[    0.000000] PM: Registered nosave memory: [mem 0x000f0000-0x000fffff]
[    0.000000] e820: [mem 0x80000000-0xfebfffff] available for PCI devices
[    0.000000] Booting paravirtualized kernel on KVM
[    0.000000] clocksource: refined-jiffies: mask: 0xffffffff max_cycles: 0xffffffff, max_idle_ns: 7645519600211568 ns
[    0.000000] random: get_random_bytes called from start_kernel+0x99/0x500 with crng_init=0
[    0.000000] setup_percpu: NR_CPUS:8192 nr_cpumask_bits:2 nr_cpu_ids:2 nr_node_ids:1
[    0.000000] percpu: Embedded 50 pages/cpu s167936 r8192 d28672 u1048576
[    0.000000] PV qspinlock hash table entries: 256 (order: 0, 4096 bytes)
[    0.000000] Built 1 zonelists, mobility grouping on.  Total pages: 515961
[    0.000000] Policy zone: DMA32
[    0.000000] Kernel command line: BOOT_IMAGE=/boot/vmlinuz-4.15.0-184-generic root=UUID=0494c714-de99-4517-9078-cf36d4f72f60 ro console=tty1 console=ttyS0
[    0.000000] Memory: 2013976K/2096696K available (12300K kernel code, 2484K rwdata, 4324K rodata, 2468K init, 2724K bss, 82720K reserved, 0K cma-reserved)
[    0.000000] SLUB: HWalign=64, Order=0-3, MinObjects=0, CPUs=2, Nodes=1
[    0.000000] ftrace: allocating 39508 entries in 155 pages
[    0.004000] Hierarchical RCU implementation.
[    0.004000] 	RCU restricting CPUs from NR_CPUS=8192 to nr_cpu_ids=2.
[    0.004000] 	Tasks RCU enabled.
[    0.004000] RCU: Adjusting geometry for rcu_fanout_leaf=16, nr_cpu_ids=2
[    0.004000] NR_IRQS: 524544, nr_irqs: 440, preallocated irqs: 16
[    0.004000] Console: colour VGA+ 80x25
[    0.004000] console [tty1] enabled
[    0.004000] console [ttyS0] enabled
[    0.004000] ACPI: Core revision 20170831
[    0.004000] ACPI: 2 ACPI AML tables successfully acquired and loaded
[    0.004000] APIC: Switch to symmetric I/O mode setup
[    0.004000] x2apic enabled
[    0.004000] Switched APIC routing to physical x2apic.
[    0.004000] ..TIMER: vector=0x30 apic1=0 pin1=2 apic2=-1 pin2=-1
[    0.004000] tsc: Detected 2995.200 MHz processor
[    0.004000] Calibrating delay loop (skipped) preset value.. 5990.40 BogoMIPS (lpj=11980800)
[    0.004005] pid_max: default: 32768 minimum: 301
[    0.004526] Security Framework initialized
[    0.004942] Yama: becoming mindful.
[    0.005318] AppArmor: AppArmor initialized
[    0.012264] Dentry cache hash table entries: 262144 (order: 9, 2097152 bytes)
[    0.020070] Inode-cache hash table entries: 131072 (order: 8, 1048576 bytes)
[    0.022634] Mount-cache hash table entries: 4096 (order: 3, 32768 bytes)
[    0.024014] Mountpoint-cache hash table entries: 4096 (order: 3, 32768 bytes)
[    0.028229] Last level iTLB entries: 4KB 0, 2MB 0, 4MB 0
[    0.029906] Last level dTLB entries: 4KB 0, 2MB 0, 4MB 0, 1GB 0
[    0.031756] Spectre V1 : Mitigation: usercopy/swapgs barriers and __user pointer sanitization
[    0.032012] Spectre V2 : Mitigation: Retpolines
[    0.033481] Spectre V2 : Spectre v2 / SpectreRSB mitigation: Filling RSB on context switch
[    0.036002] Speculative Store Bypass: Vulnerable
[    0.037302] Freeing SMP alternatives memory: 36K
[    0.111744] smpboot: CPU0: 11th Gen Intel(R) Core(TM) i7-1185G7 @ 3.00GHz (family: 0x6, model: 0x8c, stepping: 0x1)
[    0.112215] Performance Events: unsupported p6 CPU model 140 no PMU driver, software events only.
[    0.116092] Hierarchical SRCU implementation.
[    0.121528] NMI watchdog: Perf event create on CPU 0 failed with -2
[    0.123595] NMI watchdog: Perf NMI watchdog permanently disabled
[    0.124064] smp: Bringing up secondary CPUs ...
[    0.128199] x86: Booting SMP configuration:
[    0.128779] .... node  #0, CPUs:      #1
[    0.004000] kvm-clock: cpu 1, msr 0:7ff44041, secondary cpu clock
[    0.144055] smp: Brought up 1 node, 2 CPUs
[    0.146863] smpboot: Max logical packages: 1
[    0.148014] smpboot: Total of 2 processors activated (11980.80 BogoMIPS)
[    0.152243] devtmpfs: initialized
[    0.154955] x86/mm: Memory block size: 128MB
[    0.156225] evm: security.selinux
[    0.156726] evm: security.SMACK64
[    0.157324] evm: security.SMACK64EXEC
[    0.157886] evm: security.SMACK64TRANSMUTE
[    0.158929] evm: security.SMACK64MMAP
[    0.160006] evm: security.apparmor
[    0.160563] evm: security.ima
[    0.161019] evm: security.capability
[    0.168032] clocksource: jiffies: mask: 0xffffffff max_cycles: 0xffffffff, max_idle_ns: 7645041785100000 ns
[    0.170238] futex hash table entries: 512 (order: 3, 32768 bytes)
[    0.171643] pinctrl core: initialized pinctrl subsystem
[    0.176183] RTC time:  0:35:13, date: 06/12/22
[    0.177202] NET: Registered protocol family 16
[    0.178224] audit: initializing netlink subsys (disabled)
[    0.181737] audit: type=2000 audit(1654994120.356:1): state=initialized audit_enabled=0 res=1
[    0.184024] cpuidle: using governor ladder
[    0.185022] cpuidle: using governor menu
[    0.185952] ACPI: bus type PCI registered
[    0.188006] acpiphp: ACPI Hot Plug PCI Controller Driver version: 0.5
[    0.189539] PCI: Using configuration type 1 for base access
[    0.192070] HugeTLB registered 2.00 MiB page size, pre-allocated 0 pages
[    0.212078] ACPI: Added _OSI(Module Device)
[    0.212078] ACPI: Added _OSI(Processor Device)
[    0.213127] ACPI: Added _OSI(3.0 _SCP Extensions)
[    0.216002] ACPI: Added _OSI(Processor Aggregator Device)
[    0.216002] ACPI: Added _OSI(Linux-Dell-Video)
[    0.216004] ACPI: Added _OSI(Linux-Lenovo-NV-HDMI-Audio)
[    0.216774] ACPI: Added _OSI(Linux-HPI-Hybrid-Graphics)
[    0.217886] ACPI: Executed 1 blocks of module-level executable AML code
[    0.222921] ACPI: Interpreter enabled
[    0.223699] ACPI: (supports S0 S5)
[    0.224004] ACPI: Using IOAPIC for interrupt routing
[    0.225108] PCI: Using host bridge windows from ACPI; if necessary, use "pci=nocrs" and report a bug
[    0.226900] ACPI: Enabled 2 GPEs in block 00 to 07
[    0.233414] ACPI: PCI Root Bridge [PCI0] (domain 0000 [bus 00-ff])
[    0.234437] acpi PNP0A03:00: _OSC: OS supports [ASPM ClockPM Segments MSI]
[    0.236097] acpi PNP0A03:00: _OSC: not requesting OS control; OS requires [ExtendedConfig ASPM ClockPM MSI]
[    0.237615] acpi PNP0A03:00: fail to add MMCONFIG information, can't access extended PCI configuration space under this bridge.
[    0.239638] PCI host bridge to bus 0000:00
[    0.240003] pci_bus 0000:00: root bus resource [io  0x0000-0x0cf7 window]
[    0.240837] pci_bus 0000:00: root bus resource [io  0x0d00-0xffff window]
[    0.242138] pci_bus 0000:00: root bus resource [mem 0x000a0000-0x000bffff window]
[    0.243063] pci_bus 0000:00: root bus resource [mem 0x80000000-0xfdffffff window]
[    0.243959] pci_bus 0000:00: root bus resource [bus 00-ff]
[    0.245468] pci 0000:00:01.1: legacy IDE quirk: reg 0x10: [io  0x01f0-0x01f7]
[    0.246248] pci 0000:00:01.1: legacy IDE quirk: reg 0x14: [io  0x03f6]
[    0.246990] pci 0000:00:01.1: legacy IDE quirk: reg 0x18: [io  0x0170-0x0177]
[    0.248002] pci 0000:00:01.1: legacy IDE quirk: reg 0x1c: [io  0x0376]
[    0.265677] pci 0000:00:07.0: quirk: [io  0x4000-0x403f] claimed by PIIX4 ACPI
[    0.266618] pci 0000:00:07.0: quirk: [io  0x4100-0x410f] claimed by PIIX4 SMB
[    0.274428] ACPI: PCI Interrupt Link [LNKA] (IRQs 5 9 10 *11)
[    0.275565] ACPI: PCI Interrupt Link [LNKB] (IRQs 5 9 *10 11)
[    0.276088] ACPI: PCI Interrupt Link [LNKC] (IRQs 5 *9 10 11)
[    0.276962] ACPI: PCI Interrupt Link [LNKD] (IRQs 5 9 10 *11)
[    0.278094] SCSI subsystem initialized
[    0.280072] pci 0000:00:02.0: vgaarb: setting as boot VGA device
[    0.280896] pci 0000:00:02.0: vgaarb: VGA device added: decodes=io+mem,owns=io+mem,locks=none
[    0.280896] pci 0000:00:02.0: vgaarb: bridge control possible
[    0.280896] vgaarb: loaded
[    0.281250] ACPI: bus type USB registered
[    0.281855] usbcore: registered new interface driver usbfs
[    0.282606] usbcore: registered new interface driver hub
[    0.284007] usbcore: registered new device driver usb
[    0.284613] EDAC MC: Ver: 3.0.0
[    0.284613] PCI: Using ACPI for IRQ routing
[    0.288001] NetLabel: Initializing
[    0.288001] NetLabel:  domain hash size = 128
[    0.288001] NetLabel:  protocols = UNLABELED CIPSOv4 CALIPSO
[    0.288020] NetLabel:  unlabeled traffic allowed by default
[    0.288821] clocksource: Switched to clocksource kvm-clock
[    0.312552] VFS: Disk quotas dquot_6.6.0
[    0.313803] VFS: Dquot-cache hash table entries: 512 (order 0, 4096 bytes)
[    0.315769] AppArmor: AppArmor Filesystem Enabled
[    0.317016] pnp: PnP ACPI init
[    0.341163] pnp: PnP ACPI: found 3 devices
[    0.347377] clocksource: acpi_pm: mask: 0xffffff max_cycles: 0xffffff, max_idle_ns: 2085701024 ns
[    0.351167] NET: Registered protocol family 2
[    0.352774] IP idents hash table entries: 32768 (order: 6, 262144 bytes)
[    0.355424] TCP established hash table entries: 16384 (order: 5, 131072 bytes)
[    0.357864] TCP bind hash table entries: 16384 (order: 6, 262144 bytes)
[    0.361685] TCP: Hash tables configured (established 16384 bind 16384)
[    0.362790] UDP hash table entries: 1024 (order: 3, 32768 bytes)
[    0.363602] UDP-Lite hash table entries: 1024 (order: 3, 32768 bytes)
[    0.364707] NET: Registered protocol family 1
[    0.365237] pci 0000:00:00.0: Limiting direct PCI/PCI transfers
[    0.365889] pci 0000:00:01.0: Activating ISA DMA hang workarounds
[    0.366565] pci 0000:00:02.0: Video device with shadowed ROM at [mem 0x000c0000-0x000dffff]
[    0.369599] Unpacking initramfs...
[    1.596201] Freeing initrd memory: 20392K
[    1.598005] clocksource: tsc: mask: 0xffffffffffffffff max_cycles: 0x2b2c8ec87c7, max_idle_ns: 440795278598 ns
[    1.601912] platform rtc_cmos: registered platform RTC device (no PNP device found)
[    1.604206] Scanning for low memory corruption every 60 seconds
[    1.607182] Initialise system trusted keyrings
[    1.608652] Key type blacklist registered
[    1.610086] workingset: timestamp_bits=36 max_order=19 bucket_order=0
[    1.613673] zbud: loaded
[    1.615669] squashfs: version 4.0 (2009/01/31) Phillip Lougher
[    1.617880] fuse init (API version 7.26)
[    1.620120] Key type asymmetric registered
[    1.620875] Asymmetric key parser 'x509' registered
[    1.622420] Block layer SCSI generic (bsg) driver version 0.4 loaded (major 246)
[    1.623967] io scheduler noop registered
[    1.625043] io scheduler deadline registered
[    1.625681] io scheduler cfq registered (default)
[    1.627073] ACPI: AC Adapter [AC] (on-line)
[    1.628258] input: Power Button as /devices/LNXSYSTM:00/LNXPWRBN:00/input/input0
[    1.629991] ACPI: Power Button [PWRF]
[    1.630419] input: Sleep Button as /devices/LNXSYSTM:00/LNXSLPBN:00/input/input1
[    1.631142] ACPI: Sleep Button [SLPF]
[    1.631714] Serial: 8250/16550 driver, 32 ports, IRQ sharing enabled
[    1.632221] ACPI: Battery Slot [BAT0] (battery present)
[    1.699815] 00:02: ttyS0 at I/O 0x3f8 (irq = 4, base_baud = 115200) is a 16550A
[    1.714126] Linux agpgart interface v0.103
[    1.718476] loop: module loaded
[    1.721557] scsi host0: ata_piix
[    1.723200] scsi host1: ata_piix
[    1.725068] ata1: PATA max UDMA/33 cmd 0x1f0 ctl 0x3f6 bmdma 0xd000 irq 14
[    1.727210] ata2: PATA max UDMA/33 cmd 0x170 ctl 0x376 bmdma 0xd008 irq 15
[    1.730058] tun: Universal TUN/TAP device driver, 1.6
[    1.731620] PPP generic driver version 2.4.2
[    1.733150] ehci_hcd: USB 2.0 'Enhanced' Host Controller (EHCI) Driver
[    1.734980] ehci-pci: EHCI PCI platform driver
[    1.737269] ehci-pci 0000:00:0b.0: EHCI Host Controller
[    1.738833] ehci-pci 0000:00:0b.0: new USB bus registered, assigned bus number 1
[    1.794293] ehci-pci 0000:00:0b.0: irq 19, io mem 0xf0805000
[    1.812510] ehci-pci 0000:00:0b.0: USB 2.0 started, EHCI 1.00
[    1.813575] usb usb1: New USB device found, idVendor=1d6b, idProduct=0002
[    1.814657] usb usb1: New USB device strings: Mfr=3, Product=2, SerialNumber=1
[    1.815417] usb usb1: Product: EHCI Host Controller
[    1.816054] usb usb1: Manufacturer: Linux 4.15.0-184-generic ehci_hcd
[    1.818310] usb usb1: SerialNumber: 0000:00:0b.0
[    1.820189] hub 1-0:1.0: USB hub found
[    1.821493] hub 1-0:1.0: 12 ports detected
[    1.823196] ehci-platform: EHCI generic platform driver
[    1.824958] ohci_hcd: USB 1.1 'Open' Host Controller (OHCI) Driver
[    1.826164] ohci-pci: OHCI PCI platform driver
[    1.828546] ohci-pci 0000:00:06.0: OHCI PCI host controller
[    1.830500] ohci-pci 0000:00:06.0: new USB bus registered, assigned bus number 2
[    1.836233] ohci-pci 0000:00:06.0: irq 22, io mem 0xf0804000
[    1.914736] usb usb2: New USB device found, idVendor=1d6b, idProduct=0001
[    1.915905] usb usb2: New USB device strings: Mfr=3, Product=2, SerialNumber=1
[    1.917466] usb usb2: Product: OHCI PCI host controller
[    1.918140] usb usb2: Manufacturer: Linux 4.15.0-184-generic ohci_hcd
[    1.918928] usb usb2: SerialNumber: 0000:00:06.0
[    1.919668] hub 2-0:1.0: USB hub found
[    1.920243] hub 2-0:1.0: 12 ports detected
[    1.921095] ohci-platform: OHCI generic platform driver
[    1.921973] uhci_hcd: USB Universal Host Controller Interface driver
[    1.923048] i8042: PNP: PS/2 Controller [PNP0303:PS2K,PNP0f03:PS2M] at 0x60,0x64 irq 1,12
[    1.924636] serio: i8042 KBD port at 0x60,0x64 irq 1
[    1.925285] serio: i8042 AUX port at 0x60,0x64 irq 12
[    1.925907] mousedev: PS/2 mouse device common for all mice
[    1.926908] input: AT Translated Set 2 keyboard as /devices/platform/i8042/serio0/input/input2
[    1.932918] rtc_cmos rtc_cmos: rtc core: registered rtc_cmos as rtc0
[    1.934525] rtc_cmos rtc_cmos: alarms up to one day, 114 bytes nvram
[    1.936388] i2c /dev entries driver
[    1.937680] device-mapper: uevent: version 1.0.3
[    1.939688] device-mapper: ioctl: 4.37.0-ioctl (2017-09-20) initialised: dm-devel@redhat.com
[    1.942836] ledtrig-cpu: registered to indicate activity on CPUs
[    1.998154] NET: Registered protocol family 10
[    2.008249] Segment Routing with IPv6
[    2.010238] NET: Registered protocol family 17
[    2.012356] Key type dns_resolver registered
[    2.014081] mce: Using 0 MCE banks
[    2.015254] RAS: Correctable Errors collector initialized.
[    2.017026] sched_clock: Marking stable (2016993983, 0)->(2695621245, -678627262)
[    2.019509] registered taskstats version 1
[    2.020757] Loading compiled-in X.509 certificates
[    2.025868] Loaded X.509 cert 'Build time autogenerated kernel key: f4fd64d52b56c4436ddabe28dede97324cd2ad97'
[    2.029668] Loaded X.509 cert 'Canonical Ltd. Live Patch Signing: 14df34d1a87cf37625abec039ef2bf521249b969'
[    2.033345] Loaded X.509 cert 'Canonical Ltd. Kernel Module Signing: 88f752e560a1e0737e31163a466ad7b70a850c19'
[    2.037579] blacklist: Loading compiled-in revocation X.509 certificates
[    2.039619] Loaded X.509 cert 'Canonical Ltd. Secure Boot Signing: 61482aa2830d0ab2ad5af10b7250da9033ddcef0'
[    2.042594] zswap: loaded using pool lzo/zbud
[    2.049131] Key type big_key registered
[    2.049619] Key type trusted registered
[    2.051207] Key type encrypted registered
[    2.051742] AppArmor: AppArmor sha1 policy hashing enabled
[    2.099196] ima: No TPM chip found, activating TPM-bypass! (rc=-19)
[    2.113151] ima: Allocated hash algorithm: sha1
[    2.113909] evm: HMAC attrs: 0x1
[    2.114711]   Magic number: 10:925:556
[    2.115374] rtc_cmos rtc_cmos: setting system clock to 2022-06-12 00:35:15 UTC (1654994115)
[    2.117687] BIOS EDD facility v0.16 2004-Jun-25, 0 devices found
[    2.118296] EDD information not available.
[    2.121020] Freeing unused kernel image memory: 2468K
[    2.132934] Write protecting the kernel read-only data: 20480k
[    2.134141] Freeing unused kernel image memory: 2008K
[    2.135911] Freeing unused kernel image memory: 1820K
[    2.146145] x86/mm: Checked W+X mappings: passed, no W+X pages found.
Loading, please wait...
starting version 237
[    2.336916] e1000: Intel(R) PRO/1000 Network Driver - version 7.3.21-k8-NAPI
[    2.340369] e1000: Copyright (c) 1999-2006 Intel Corporation.
[    2.553931] Fusion MPT base driver 3.04.20
[    2.556512] Copyright (c) 1999-2008 LSI Corporation
[    2.639150] Fusion MPT SPI Host driver 3.04.20
[    2.652474] AVX2 version of gcm_enc/dec engaged.
[    2.653225] AES CTR mode by8 optimization enabled
[    2.771799] input: ImExPS/2 Generic Explorer Mouse as /devices/platform/i8042/serio1/input/input4
[    3.461970] e1000 0000:00:03.0 eth0: (PCI:33MHz:32-bit) 02:36:1c:f2:a8:92
[    3.466278] e1000 0000:00:03.0 eth0: Intel(R) PRO/1000 Network Connection
[    3.472868] mptbase: ioc0: Initiating bringup
[    3.473364] e1000 0000:00:03.0 enp0s3: renamed from eth0
[    3.576403] ioc0: LSI53C1030 A0: Capabilities={Initiator}
[    3.830632] scsi host2: ioc0: LSI53C1030 A0, FwRev=00000000h, Ports=1, MaxQ=256, IRQ=20
[    4.001185] scsi 2:0:0:0: Direct-Access     VBOX     HARDDISK         1.0  PQ: 0 ANSI: 5
[    4.037107] scsi target2:0:0: Beginning Domain Validation
[    4.045041] scsi target2:0:0: Domain Validation skipping write tests
[    4.047488] scsi target2:0:0: Ending Domain Validation
[    4.049952] scsi target2:0:0: asynchronous
[    4.052454] scsi 2:0:1:0: Direct-Access     VBOX     HARDDISK         1.0  PQ: 0 ANSI: 5
[    4.084810] scsi target2:0:1: Beginning Domain Validation
[    4.092162] scsi target2:0:1: Domain Validation skipping write tests
[    4.094412] scsi target2:0:1: Ending Domain Validation
[    4.096206] scsi target2:0:1: asynchronous
[    4.098061] random: fast init done
[    4.102320] random: systemd-udevd: uninitialized urandom read (16 bytes read)
[    4.102381] sd 2:0:0:0: Attached scsi generic sg0 type 0
[    4.103545] sd 2:0:0:0: [sda] 83886080 512-byte logical blocks: (42.9 GB/40.0 GiB)
[    4.104605] sd 2:0:1:0: Attached scsi generic sg1 type 0
[    4.105743] random: systemd-udevd: uninitialized urandom read (16 bytes read)
[    4.107560] sd 2:0:0:0: [sda] Write Protect is off
[    4.108380] sd 2:0:1:0: [sdb] 20480 512-byte logical blocks: (10.5 MB/10.0 MiB)
[    4.109290] sd 2:0:0:0: [sda] Incomplete mode parameter data
[    4.110057] sd 2:0:0:0: [sda] Assuming drive cache: write through
[    4.110881] sd 2:0:1:0: [sdb] Write Protect is off
[    4.111514] random: systemd-udevd: uninitialized urandom read (16 bytes read)
[    4.112636] sd 2:0:1:0: [sdb] Incomplete mode parameter data
[    4.113523] sd 2:0:1:0: [sdb] Assuming drive cache: write through
[    4.125726]  sda: sda1
[    4.127067] sd 2:0:0:0: [sda] Attached SCSI disk
[    4.128569] sd 2:0:1:0: [sdb] Attached SCSI disk
Begin: Loading essential drivers ... [    5.824081] raid6: sse2x1   gen()  5092 MB/s
[    5.901605] raid6: sse2x1   xor()  1886 MB/s
[    5.948070] raid6: sse2x2   gen()  6463 MB/s
[    6.004213] raid6: sse2x2   xor()   685 MB/s
[    6.052033] raid6: sse2x4   gen()  7812 MB/s
[    6.156091] raid6: sse2x4   xor()  4202 MB/s
[    6.210625] raid6: avx2x1   gen()   149 MB/s
[    6.260058] raid6: avx2x1   xor()  9645 MB/s
[    6.312212] raid6: avx2x2   gen()  3211 MB/s
[    6.360562] raid6: avx2x2   xor() 19149 MB/s
[    6.415295] raid6: avx2x4   gen()   165 MB/s
[    6.464095] raid6: avx2x4   xor()  8529 MB/s
[    6.466266] raid6: using algorithm sse2x4 gen() 7812 MB/s
[    6.467860] raid6: .... xor() 4202 MB/s, rmw enabled
[    6.469615] raid6: using avx2x2 recovery algorithm
[    6.574490] xor: automatically using best checksumming function   avx       
[    6.581012] async_tx: api initialized (async)
done.
Begin: Running /scripts/init-premount ... done.
Begin: Mounting root file system ... Begin: Running /scripts/local-top ... done.
Begin: Running /scripts/local-premount ... [    6.649091] Btrfs loaded, crc32c=crc32c-intel
Scanning for Btrfs filesystems
done.
Begin: Will now check root file system ... fsck from util-linux 2.31.1
[/sbin/fsck.ext4 (1) -- /dev/sda1] fsck.ext4 -a -C0 /dev/sda1 
cloudimg-rootfs: clean, 161478/5120000 files, 1691578/10485499 blocks
done.
[    6.689352] EXT4-fs (sda1): mounted filesystem with ordered data mode. Opts: (null)
done.
Begin: Running /scripts/local-bottom ... done.
Begin: Running /scripts/init-bottom ... done.
[    6.881482] ip_tables: (C) 2000-2006 Netfilter Core Team
[    6.886811] systemd[1]: systemd 237 running in system mode. (+PAM +AUDIT +SELINUX +IMA +APPARMOR +SMACK +SYSVINIT +UTMP +LIBCRYPTSETUP +GCRYPT +GNUTLS +ACL +XZ +LZ4 +SECCOMP +BLKID +ELFUTILS +KMOD -IDN2 +IDN -PCRE2 default-hierarchy=hybrid)
[    6.889236] systemd[1]: Detected virtualization oracle.
[    6.889891] systemd[1]: Detected architecture x86-64.

Welcome to [1mUbuntu 18.04.6 LTS[0m!

[    6.894432] systemd[1]: Set hostname to <ubuntu-bionic>.
[    7.177832] systemd[1]: Reached target System Time Synchronized.
[[0;32m  OK  [0m] Reached target System Time Synchronized.
[    7.179181] systemd[1]: Started Forward Password Requests to Wall Directory Watch.
[[0;32m  OK  [0m] Started Forward Password Requests to Wall Directory Watch.
[    7.180910] systemd[1]: Reached target Swap.
[[0;32m  OK  [0m] Reached target Swap.
[    7.181945] systemd[1]: Reached target User and Group Name Lookups.
[[0;32m  OK  [0m] Reached target User and Group Name Lookups.
[    7.183351] systemd[1]: Set up automount Arbitrary Executable File Formats File System Automount Point.
[[0;32m  OK  [0m] Set up automount Arbitrary Executabâ€¦rmats File System Automount Point.
[    7.186466] systemd[1]: Created slice User and Session Slice.
[[0;32m  OK  [0m] Created slice User and Session Slice.
[[0;32m  OK  [0m] Created slice System Slice.
[[0;32m  OK  [0m] Listening on Device-mapper event daemon FIFOs.
[[0;32m  OK  [0m] Listening on LVM2 poll daemon socket.
[[0;32m  OK  [0m] Listening on udev Kernel Socket.
[[0;32m  OK  [0m] Listening on /dev/initctl Compatibility Named Pipe.
[[0;32m  OK  [0m] Listening on udev Control Socket.
[[0;32m  OK  [0m] Reached target Slices.
[[0;32m  OK  [0m] Listening on Journal Audit Socket.
[[0;32m  OK  [0m] Listening on Journal Socket.
         Starting Load Kernel Modules...
         Starting Create list of required stâ€¦ce nodes for the current kernel...
[[0;32m  OK  [0m] Listening on fsck to fsckd communication Socket.
         Starting Remount Root and Kernel File Systems...
[[0;32m  OK  [0m] Listening on Journal Socket (/dev/log).
         Mounting Huge Pages File System...
[[0;32m  OK  [0m] Listening on Syslog Socket.
         Starting Journal Service...
[[0;32m  OK  [0m] Created slice system-serial\x2dgetty.slice.
         Starting Set the console keyboard layout...
         Starting udev Coldplug all Devices...
[[0;32m  OK  [0m] Listening on Network Service Netlink Socket.
[[0;32m  OK  [0m] Listening on LVM2 metadata daemon socket.
         Starting Monitoring of LVM2 mirrorsâ€¦ng dmeventd or progress polling...
         Starting Uncomplicated firewall...
[    7.244687] Loading iSCSI transport class v2.0-870.
         Mounting POSIX Message Queue File System...
         Mounting Kernel Debug File System...
[[0;32m  OK  [0m] Started Create list of required staâ€¦vice nodes for the current kernel.
         Starting Create Static Device Nodes in /dev...
[[0;32m  OK  [0m] Mounted Huge Pages File System.
[[0;32m  OK  [0m] Started Journal Service.
[[0;32m  OK  [0m] Started Uncomplicated firewall.
[[0;32m  OK  [0m] Mounted POSIX Message Queue File System.
[[0;32m  OK  [0m] Mounted Kernel Debug File System.
[[0;32m  OK  [0m] Started udev Coldplug all Devices.
[[0;32m  OK  [0m] Started Create Static Device Nodes in /dev.
[    7.428434] EXT4-fs (sda1): re-mounted. Opts: (null)
[[0;32m  OK  [0m] Started Remount Root and Kernel File Systems.
         Starting Load/Save Random Seed...
         Starting udev Kernel Device Manager...
         Starting Flush Journal to Persistent Storage...
[[0;32m  OK  [0m] Started LVM2 metadata daemon.
[    7.464147] iscsi: registered transport (tcp)
[[0;32m  OK  [0m] Started Load/Save Random Seed.
[    7.515597] systemd-journald[412]: Received request to flush runtime journal from PID 1
[    7.557776] iscsi: registered transport (iser)
[[0;32m  OK  [0m] Started Load Kernel Modules.
         Mounting FUSE Control File System...
         Starting Apply Kernel Variables...
         Mounting Kernel Configuration File System...
[[0;32m  OK  [0m] Mounted FUSE Control File System.
[[0;32m  OK  [0m] Mounted Kernel Configuration File System.
[[0;32m  OK  [0m] Started udev Kernel Device Manager.
[[0;32m  OK  [0m] Started Monitoring of LVM2 mirrors,â€¦sing dmeventd or progress polling.
[[0;32m  OK  [0m] Started Set the console keyboard layout.
[[0;32m  OK  [0m] Started Dispatch Password Requests to Console Directory Watch.
[[0;32m  OK  [0m] Reached target Local Encrypted Volumes.
[[0;32m  OK  [0m] Reached target Local File Systems (Pre).
[[0;32m  OK  [0m] Reached target Local File Systems.
         Starting ebtables ruleset management...
         Starting Tell Plymouth To Write Out Runtime Data...
         Starting Set console font and keymap...
         Starting AppArmor initialization...
[[0;32m  OK  [0m] Started Apply Kernel Variables.
[[0;32m  OK  [0m] Started Tell Plymouth To Write Out Runtime Data.
[[0;32m  OK  [0m] Started Set console font and keymap.
[[0;32m  OK  [0m] Found device /dev/ttyS0.
[[0;32m  OK  [0m] Started ebtables ruleset management.
[[0;32m  OK  [0m] Listening on Load/Save RF Kill Switch Status /dev/rfkill Watch.
[[0;32m  OK  [0m] Started Flush Journal to Persistent Storage.
         Starting Create Volatile Files and Directories...
[[0;32m  OK  [0m] Started Create Volatile Files and Directories.
         Starting Update UTMP about System Boot/Shutdown...
[[0;32m  OK  [0m] Started Update UTMP about System Boot/Shutdown.
[[0;32m  OK  [0m] Started AppArmor initialization.
         Starting Load AppArmor profiles managed internally by snapd...
         Starting Initial cloud-init job (pre-networking)...
[[0;32m  OK  [0m] Started Load AppArmor profiles managed internally by snapd.
[   11.795722] cloud-init[623]: Cloud-init v. 22.1-14-g2e17a0d6-0ubuntu1~18.04.3 running 'init-local' at Sun, 12 Jun 2022 00:35:24 +0000. Up 11.47 seconds.
[[0;32m  OK  [0m] Started Initial cloud-init job (pre-networking).
[[0;32m  OK  [0m] Reached target Network (Pre).
         Starting Network Service...
[[0;32m  OK  [0m] Started Network Service.
         Starting Wait for Network to be Configured...
         Starting Network Name Resolution...
[[0;32m  OK  [0m] Started Network Name Resolution.
[[0;32m  OK  [0m] Reached target Host and Network Name Lookups.
[[0;32m  OK  [0m] Started Wait for Network to be Configured.
         Starting Initial cloud-init job (metadata service crawler)...
[   15.092019] cloud-init[721]: Cloud-init v. 22.1-14-g2e17a0d6-0ubuntu1~18.04.3 running 'init' at Sun, 12 Jun 2022 00:35:27 +0000. Up 14.52 seconds.
[   15.093293] cloud-init[721]: ci-info: ++++++++++++++++++++++++++++++++++++++Net device info++++++++++++++++++++++++++++++++++++++
[   15.094625] cloud-init[721]: ci-info: +--------+------+----------------------------+---------------+--------+-------------------+
[   15.095816] cloud-init[721]: ci-info: | Device |  Up  |          Address           |      Mask     | Scope  |     Hw-Address    |
[   15.098152] cloud-init[721]: ci-info: +--------+------+----------------------------+---------------+--------+-------------------+
[   15.100609] cloud-init[721]: ci-info: | enp0s3 | True |         10.0.2.15          | 255.255.255.0 | global | 02:36:1c:f2:a8:92 |
[   15.103077] cloud-init[721]: ci-info: | enp0s3 | True | fe80::36:1cff:fef2:a892/64 |       .       |  link  | 02:36:1c:f2:a8:92 |
[   15.105099] cloud-init[721]: ci-info: |   lo   | True |         127.0.0.1          |   255.0.0.0   |  host  |         .         |
[   15.106830] cloud-init[721]: ci-info: |   lo   | True |          ::1/128           |       .       |  host  |         .         |
[   15.108269] cloud-init[721]: ci-info: +--------+------+----------------------------+---------------+--------+-------------------+
[   15.110258] cloud-init[721]: ci-info: ++++++++++++++++++++++++++++Route IPv4 info+++++++++++++++++++++++++++++
[   15.112111] cloud-init[721]: ci-info: +-------+-------------+----------+-----------------+-----------+-------+
[   15.113323] cloud-init[721]: ci-info: | Route | Destination | Gateway  |     Genmask     | Interface | Flags |
[   15.114728] cloud-init[721]: ci-info: +-------+-------------+----------+-----------------+-----------+-------+
[   15.116292] cloud-init[721]: ci-info: |   0   |   0.0.0.0   | 10.0.2.2 |     0.0.0.0     |   enp0s3  |   UG  |
[   15.117844] cloud-init[721]: ci-info: |   1   |   10.0.2.0  | 0.0.0.0  |  255.255.255.0  |   enp0s3  |   U   |
[   15.135079] cloud-init[721]: ci-info: |   2   |   10.0.2.2  | 0.0.0.0  | 255.255.255.255 |   enp0s3  |   UH  |
[   15.144990] cloud-init[721]: ci-info: +-------+-------------+----------+-----------------+-----------+-------+
[   15.145876] cloud-init[721]: ci-info: +++++++++++++++++++Route IPv6 info+++++++++++++++++++
[   15.156110] cloud-init[721]: ci-info: +-------+-------------+---------+-----------+-------+
[   15.156891] cloud-init[721]: ci-info: | Route | Destination | Gateway | Interface | Flags |
[   15.157782] cloud-init[721]: ci-info: +-------+-------------+---------+-----------+-------+
[   15.158471] cloud-init[721]: ci-info: |   1   |  fe80::/64  |    ::   |   enp0s3  |   U   |
[   15.159367] cloud-init[721]: ci-info: |   3   |    local    |    ::   |   enp0s3  |   U   |
[   15.160220] cloud-init[721]: ci-info: |   4   |   ff00::/8  |    ::   |   enp0s3  |   U   |
[   15.161110] cloud-init[721]: ci-info: +-------+-------------+---------+-----------+-------+
[[0;32m  OK  [0m] Started Initial cloud-init job (metadata service crawler).
[[0;32m  OK  [0m] Reached target Cloud-config availability.
[[0;32m  OK  [0m] Reached target System Initialization.
         Starting LXD - unix socket.
[[0;32m  OK  [0m] Started Daily Cleanup of Temporary Directories.
[[0;32m  OK  [0m] Started ACPI Events Check.
[[0;32m  OK  [0m] Listening on cloud-init hotplug hook socket.
[[0;32m  OK  [0m] Started Discard unused blocks once a week.
[[0;32m  OK  [0m] Listening on UUID daemon activation socket.
         Starting Socket activation for snappy daemon.
[[0;32m  OK  [0m] Listening on D-Bus System Message Bus Socket.
[[0;32m  OK  [0m] Started Message of the Day.
[[0;32m  OK  [0m] Started Daily apt download activities.
[[0;32m  OK  [0m] Listening on ACPID Listen Socket.
[[0;32m  OK  [0m] Started Ubuntu Advantage Timer for running repeated jobs.
[[0;32m  OK  [0m] Started Daily apt upgrade and clean activities.
[[0;32m  OK  [0m] Started Trigger anacron every hour.
[[0;32m  OK  [0m] Reached target Timers.
[[0;32m  OK  [0m] Started Trigger to poll for Ubuntu â€¦(Only enabled on GCP LTS non-pro).
[[0;32m  OK  [0m] Reached target Paths.
[[0;32m  OK  [0m] Listening on Open-iSCSI iscsid Socket.
[[0;32m  OK  [0m] Listening on LXD - unix socket.
[[0;32m  OK  [0m] Listening on Socket activation for snappy daemon.
[[0;32m  OK  [0m] Reached target Sockets.
[[0;32m  OK  [0m] Reached target Basic System.
[[0;32m  OK  [0m] Started D-Bus System Message Bus.
[[0;32m  OK  [0m] Started Regular background program processing daemon.
[[0;32m  OK  [0m] Started FUSE filesystem for LXC.
         Starting Login Service...
         Starting Snap Daemon...
         Starting WPA supplicant...
[[0;32m  OK  [0m] Started Deferred execution scheduler.
         Starting Dispatcher daemon for systemd-networkd...
         Starting vboxadd.service...
         Starting Detect the available GPUs and deal with any system changes...
         Starting System Logging Service...
         Starting Accounts Service...
[[0;32m  OK  [0m] Started Run anacron jobs.
         Starting Disk Manager...
         Starting Network Manager...
[[0;32m  OK  [0m] Started irqbalance daemon.
         Starting LSB: Record successful boot for GRUB...
         Starting LXD - container startup/shutdown...
[[0;32m  OK  [0m] Started WPA supplicant.
[[0;32m  OK  [0m] Started Login Service.
[[0;32m  OK  [0m] Started System Logging Service.
[[0;32m  OK  [0m] Started Detect the available GPUs and deal with any system changes.
[[0;32m  OK  [0m] Started LSB: Record successful boot for GRUB.
         Starting Authorization Manager...
[[0;32m  OK  [0m] Started Dispatcher daemon for systemd-networkd.
         Starting Hostname Service...
[[0;32m  OK  [0m] Started LXD - container startup/shutdown.
[[0;32m  OK  [0m] Started Authorization Manager.
[[0;32m  OK  [0m] Started Accounts Service.
[[0;32m  OK  [0m] Started Hostname Service.
[[0;32m  OK  [0m] Started Network Manager.
[[0;32m  OK  [0m] Reached target Network.
[[0;32m  OK  [0m] Started Unattended Upgrades Shutdown.
         Starting Network Manager Wait Online...
[[0;32m  OK  [0m] Started Snap Daemon.
         Starting Time & Date Service...
         Starting Wait until snapd is fully seeded...
         Starting Network Manager Script Dispatcher Service...
[[0;32m  OK  [0m] Started Disk Manager.
[[0;32m  OK  [0m] Started Network Manager Script Dispatcher Service.
[[0;32m  OK  [0m] Started Time & Date Service.
[[0;32m  OK  [0m] Started Network Manager Wait Online.
[[0;32m  OK  [0m] Started Wait until snapd is fully seeded.
[[0;32m  OK  [0m] Reached target Network is Online.
         Starting OpenBSD Secure Shell server...
         Starting Apply the settings specified in cloud-config...
[[0;32m  OK  [0m] Reached target Remote File Systems (Pre).
         Mounting /home/vagrant/shared...
         Mounting /vagrant...
         Starting Availability of block devices...
[[0;32m  OK  [0m] Started Availability of block devices.
[[0;1;31mFAILED[0m] Failed to mount /vagrant.
See 'systemctl status vagrant.mount' for details.
[[0;1;33mDEPEND[0m] Dependency failed for Remote File Systems.
         Starting LSB: automatic crash report generation...
         Starting Permit User Sessions...
[[0;32m  OK  [0m] Mounted /home/vagrant/shared.
[[0;32m  OK  [0m] Started Permit User Sessions.
         Starting Hold until boot process finishes up...
[[0;32m  OK  [0m] Started Hold until boot process finishes up.
         Starting Set console scheme...
[[0;32m  OK  [0m] Started Serial Getty on ttyS0.
[[0;32m  OK  [0m] Reached target Login Prompts.
[[0;32m  OK  [0m] Started Set console scheme.
[[0;32m  OK  [0m] Created slice system-getty.slice.
[[0;32m  OK  [0m] Started OpenBSD Secure Shell server.
[[0;32m  OK  [0m] Started LSB: automatic crash report generation.
[[0;32m  OK  [0m] Created slice User Slice of vagrant.
         Starting User Manager for UID 1000...
[[0;32m  OK  [0m] Started Session 1 of user vagrant.
[[0;32m  OK  [0m] Started User Manager for UID 1000.
[   19.119006] cloud-init[1218]: Cloud-init v. 22.1-14-g2e17a0d6-0ubuntu1~18.04.3 running 'modules:config' at Sun, 12 Jun 2022 00:35:32 +0000. Up 18.81 seconds.
[[0;32m  OK  [0m] Started Apply the settings specified in cloud-config.
[[0;32m  OK  [0m] Started vboxadd.service.
         Starting GNOME Display Manager...
         Starting vboxadd-service.service...
[[0;32m  OK  [0m] Started vboxadd-service.service.
[[0;32m  OK  [0m] Reached target Multi-User System.
         Starting Execute cloud user/final scripts...
[[0;32m  OK  [0m] Started GNOME Display Manager.
[[0;32m  OK  [0m] Reached target Graphical Interface.
         Starting Update UTMP about System Runlevel Changes...
[[0;32m  OK  [0m] Started Update UTMP about System Runlevel Changes.
[[0;32m  OK  [0m] Created slice User Slice of gdm.
         Starting User Manager for UID 114...
[[0;32m  OK  [0m] Started Session c1 of user gdm.
[[0;32m  OK  [0m] Started User Manager for UID 114.
         Starting Daemon for power management...
[   21.260445] cloud-init[1485]: Cloud-init v. 22.1-14-g2e17a0d6-0ubuntu1~18.04.3 running 'modules:final' at Sun, 12 Jun 2022 00:35:34 +0000. Up 20.89 seconds.
[   21.268824] cloud-init[1485]: Cloud-init v. 22.1-14-g2e17a0d6-0ubuntu1~18.04.3 finished at Sun, 12 Jun 2022 00:35:34 +0000. Datasource DataSourceNoCloud [seed=/dev/sdb][dsmode=net].  Up 21.16 seconds
[[0;32m  OK  [0m] Started Daemon for power management.
[[0;32m  OK  [0m] Started Execute cloud user/final scripts.
[[0;32m  OK  [0m] Reached target Cloud-init target.

Ubuntu 18.04.6 LTS ubuntu-bionic ttyS0

ubuntu-bionic login: 